// Jest Snapshot v1, https://goo.gl/fbAQLP

exports[`Login page should render correctly 1`] = `
<div
  className="login flex-center"
>
  <div
    className="login__box"
  >
    <div
      className="box__logo flex-center"
    >
      <img
        alt=""
        src="/assets/img/logo.png"
      />
      <div
        className="divider"
      />
    </div>
    <div
      className="box__social"
    >
      <h2>
        Login
      </h2>
      <p>
        Give thanks to the most high. Stay focused. Always remember in the jungle thereâ€™s a lot of they in there.
      </p>
      <button
        onClick={[Function]}
      >
        Login with Google
      </button>
    </div>
  </div>
  <div
    className="login__love"
  >
    <p>
      Made with 
      <i
        className="fa fa-heart"
      />
       by Wesley de Bruijn and Jeffrey van Hoven
    </p>
  </div>
</div>
`;
